2026-02-21 02:12:13,437 - AdvancedOrchestrator - INFO - Starting Advanced Orchestrator...
2026-02-21 02:12:13,466 - AdvancedOrchestrator - INFO - Checking for new action items...
2026-02-21 02:12:14,169 - AdvancedOrchestrator - INFO - Starting Advanced Orchestrator...
2026-02-21 02:12:14,181 - AdvancedOrchestrator - INFO - Checking for new action items...
2026-02-21 02:12:14,291 - AdvancedOrchestrator - INFO - Processing needs action file: SCHEDULED_task_1771621933_daily_20260221_021213.md
2026-02-21 02:12:14,397 - AdvancedOrchestrator - INFO - Created plan file: PLAN_20260221_021214.md
2026-02-21 02:12:14,530 - AdvancedOrchestrator - INFO - Processing needs action file: SCHEDULED_task_1771621933_monthly_20260221_021213.md
2026-02-21 02:12:14,654 - AdvancedOrchestrator - INFO - Created plan file: PLAN_20260221_021214.md
2026-02-21 16:06:42,163 - AdvancedOrchestrator - INFO - Starting Advanced Orchestrator...
2026-02-21 16:06:42,166 - AdvancedOrchestrator - INFO - Checking for new action items...
2026-02-21 16:06:42,453 - AdvancedOrchestrator - INFO - Starting Advanced Orchestrator...
2026-02-21 16:06:42,455 - AdvancedOrchestrator - INFO - Checking for new action items...
2026-02-21 16:06:42,635 - AdvancedOrchestrator - INFO - Processing needs action file: SCHEDULED_task_1771621933_daily_20260221_160642.md
2026-02-21 16:06:44,170 - AdvancedOrchestrator - INFO - Created plan file: PLAN_20260221_160642.md
2026-02-21 16:06:44,199 - AdvancedOrchestrator - INFO - Processing needs action file: SCHEDULED_task_1771621933_monthly_20260221_160642.md
2026-02-21 16:06:44,287 - AdvancedOrchestrator - INFO - Created plan file: PLAN_20260221_160644.md
2026-02-21 16:07:12,231 - AdvancedOrchestrator - INFO - Starting Advanced Orchestrator...
2026-02-21 16:07:12,232 - AdvancedOrchestrator - INFO - Checking for new action items...
2026-02-21 16:07:13,141 - AdvancedOrchestrator - INFO - Checking for new action items...
2026-02-21 16:07:15,237 - AdvancedOrchestrator - INFO - Checking for new action items...
2026-02-21 16:07:42,508 - AdvancedOrchestrator - INFO - Checking for new action items...
2026-02-21 16:07:42,687 - AdvancedOrchestrator - INFO - Starting Advanced Orchestrator...
2026-02-21 16:07:42,689 - AdvancedOrchestrator - INFO - Checking for new action items...
2026-02-21 16:07:43,311 - AdvancedOrchestrator - INFO - Checking for new action items...
2026-02-21 16:07:45,605 - AdvancedOrchestrator - INFO - Checking for new action items...
2026-02-21 16:08:12,760 - AdvancedOrchestrator - INFO - Starting Advanced Orchestrator...
2026-02-21 16:08:12,761 - AdvancedOrchestrator - INFO - Checking for new action items...
2026-02-21 16:08:12,964 - AdvancedOrchestrator - INFO - Checking for new action items...
2026-02-21 16:08:12,976 - AdvancedOrchestrator - INFO - Checking for new action items...
2026-02-21 16:08:13,692 - AdvancedOrchestrator - INFO - Checking for new action items...
2026-02-21 16:08:15,914 - AdvancedOrchestrator - INFO - Checking for new action items...
2026-02-21 16:08:42,899 - AdvancedOrchestrator - INFO - Starting Advanced Orchestrator...
2026-02-21 16:08:42,900 - AdvancedOrchestrator - INFO - Checking for new action items...
2026-02-21 16:08:43,001 - AdvancedOrchestrator - INFO - Checking for new action items...
2026-02-21 16:08:43,144 - AdvancedOrchestrator - INFO - Checking for new action items...
2026-02-21 16:08:43,144 - AdvancedOrchestrator - INFO - Checking for new action items...
2026-02-21 16:08:43,960 - AdvancedOrchestrator - INFO - Checking for new action items...
2026-02-21 16:08:46,109 - AdvancedOrchestrator - INFO - Checking for new action items...
2026-02-21 16:09:13,216 - AdvancedOrchestrator - INFO - Checking for new action items...
2026-02-21 16:09:13,340 - AdvancedOrchestrator - INFO - Checking for new action items...
2026-02-21 16:09:13,388 - AdvancedOrchestrator - INFO - Checking for new action items...
2026-02-21 16:09:13,385 - AdvancedOrchestrator - INFO - Checking for new action items...
2026-02-21 16:09:14,292 - AdvancedOrchestrator - INFO - Checking for new action items...
2026-02-21 16:09:14,871 - AdvancedOrchestrator - INFO - Starting Advanced Orchestrator...
2026-02-21 16:09:14,894 - AdvancedOrchestrator - INFO - Checking for new action items...
2026-02-21 16:09:16,612 - AdvancedOrchestrator - INFO - Checking for new action items...
2026-02-21 16:10:00,178 - AdvancedOrchestrator - INFO - Starting Advanced Orchestrator...
2026-02-21 16:10:00,186 - AdvancedOrchestrator - INFO - Checking for new action items...
2026-02-21 16:10:00,904 - AdvancedOrchestrator - INFO - Starting Advanced Orchestrator...
2026-02-21 16:10:00,909 - AdvancedOrchestrator - INFO - Checking for new action items...
2026-02-21 16:10:30,034 - AdvancedOrchestrator - INFO - Starting Advanced Orchestrator...
2026-02-21 16:10:30,052 - AdvancedOrchestrator - INFO - Checking for new action items...
2026-02-21 16:10:31,360 - AdvancedOrchestrator - INFO - Checking for new action items...
2026-02-21 16:10:31,538 - AdvancedOrchestrator - INFO - Checking for new action items...
2026-02-21 16:10:59,750 - AdvancedOrchestrator - INFO - Starting Advanced Orchestrator...
2026-02-21 16:10:59,751 - AdvancedOrchestrator - INFO - Checking for new action items...
2026-02-21 16:11:00,183 - AdvancedOrchestrator - INFO - Checking for new action items...
2026-02-21 16:11:01,732 - AdvancedOrchestrator - INFO - Checking for new action items...
2026-02-21 16:11:01,870 - AdvancedOrchestrator - INFO - Checking for new action items...
2026-02-21 16:11:29,893 - AdvancedOrchestrator - INFO - Checking for new action items...
2026-02-21 16:11:30,065 - AdvancedOrchestrator - INFO - Starting Advanced Orchestrator...
2026-02-21 16:11:30,065 - AdvancedOrchestrator - INFO - Checking for new action items...
2026-02-21 16:11:30,292 - AdvancedOrchestrator - INFO - Checking for new action items...
2026-02-21 16:11:31,841 - AdvancedOrchestrator - INFO - Checking for new action items...
2026-02-21 16:11:32,000 - AdvancedOrchestrator - INFO - Checking for new action items...
2026-02-21 16:12:00,120 - AdvancedOrchestrator - INFO - Checking for new action items...
2026-02-21 16:12:00,169 - AdvancedOrchestrator - INFO - Checking for new action items...
2026-02-21 16:12:00,208 - AdvancedOrchestrator - INFO - Processing needs action file: SCHEDULED_task_1771621933_daily_20260221_161142.md
2026-02-21 16:12:00,253 - AdvancedOrchestrator - INFO - Processing needs action file: SCHEDULED_task_1771621933_daily_20260221_161142.md
2026-02-21 16:12:00,351 - AdvancedOrchestrator - INFO - Created plan file: PLAN_20260221_161200.md
2026-02-21 16:12:00,384 - AdvancedOrchestrator - INFO - Created plan file: PLAN_20260221_161200.md
2026-02-21 16:12:00,414 - AdvancedOrchestrator - INFO - Checking for new action items...
2026-02-21 16:12:00,428 - AdvancedOrchestrator - INFO - Starting Advanced Orchestrator...
2026-02-21 16:12:00,432 - AdvancedOrchestrator - INFO - Checking for new action items...
2026-02-21 16:12:00,449 - AdvancedOrchestrator - INFO - Processing needs action file: SCHEDULED_task_1771621933_daily_20260221_161143.md
2026-02-21 16:12:00,451 - AdvancedOrchestrator - ERROR - Error in orchestrator: [Errno 2] No such file or directory: 'AI_Employee_Vault/Needs_Action/SCHEDULED_task_1771621933_daily_20260221_161142.md' -> 'AI_Employee_Vault/Done/SCHEDULED_task_1771621933_daily_20260221_161142.md'
2026-02-21 16:12:00,453 - AdvancedOrchestrator - INFO - Processing needs action file: SCHEDULED_task_1771621933_daily_20260221_161143.md
2026-02-21 16:12:00,454 - AdvancedOrchestrator - INFO - Processing needs action file: SCHEDULED_task_1771621933_daily_20260221_161143.md
2026-02-21 16:12:00,497 - AdvancedOrchestrator - INFO - Created plan file: PLAN_20260221_161200.md
2026-02-21 16:12:00,506 - AdvancedOrchestrator - INFO - Created plan file: PLAN_20260221_161200.md
2026-02-21 16:12:00,522 - AdvancedOrchestrator - INFO - Created plan file: PLAN_20260221_161200.md
2026-02-21 16:12:00,530 - AdvancedOrchestrator - INFO - Processing needs action file: SCHEDULED_task_1771621933_daily_20260221_161145.md
2026-02-21 16:12:00,531 - AdvancedOrchestrator - ERROR - Error in orchestrator: [Errno 2] No such file or directory: 'AI_Employee_Vault/Needs_Action/SCHEDULED_task_1771621933_daily_20260221_161143.md' -> 'AI_Employee_Vault/Done/SCHEDULED_task_1771621933_daily_20260221_161143.md'
2026-02-21 16:12:00,534 - AdvancedOrchestrator - ERROR - Error in orchestrator: [Errno 2] No such file or directory: 'AI_Employee_Vault/Needs_Action/SCHEDULED_task_1771621933_daily_20260221_161143.md' -> 'AI_Employee_Vault/Done/SCHEDULED_task_1771621933_daily_20260221_161143.md'
2026-02-21 16:12:00,549 - AdvancedOrchestrator - INFO - Created plan file: PLAN_20260221_161200.md
2026-02-21 16:12:00,578 - AdvancedOrchestrator - INFO - Processing needs action file: SCHEDULED_task_1771621933_daily_20260221_161159.md
2026-02-21 16:12:00,633 - AdvancedOrchestrator - INFO - Created plan file: PLAN_20260221_161200.md
2026-02-21 16:12:00,681 - AdvancedOrchestrator - INFO - Processing needs action file: SCHEDULED_task_1771621933_daily_20260221_161200.md
2026-02-21 16:12:00,735 - AdvancedOrchestrator - INFO - Created plan file: PLAN_20260221_161200.md
2026-02-21 16:12:00,858 - AdvancedOrchestrator - INFO - Processing needs action file: SCHEDULED_task_1771621933_monthly_20260221_161142.md
2026-02-21 16:12:00,886 - AdvancedOrchestrator - INFO - Created plan file: PLAN_20260221_161200.md
2026-02-21 16:12:00,916 - AdvancedOrchestrator - INFO - Processing needs action file: SCHEDULED_task_1771621933_monthly_20260221_161143.md
2026-02-21 16:12:01,011 - AdvancedOrchestrator - INFO - Created plan file: PLAN_20260221_161200.md
2026-02-21 16:12:01,029 - AdvancedOrchestrator - INFO - Processing needs action file: SCHEDULED_task_1771621933_monthly_20260221_161145.md
2026-02-21 16:12:01,047 - AdvancedOrchestrator - INFO - Created plan file: PLAN_20260221_161201.md
2026-02-21 16:12:01,053 - AdvancedOrchestrator - INFO - Processing needs action file: SCHEDULED_task_1771621933_monthly_20260221_161159.md
2026-02-21 16:12:01,087 - AdvancedOrchestrator - INFO - Created plan file: PLAN_20260221_161201.md
2026-02-21 16:12:01,114 - AdvancedOrchestrator - INFO - Processing needs action file: SCHEDULED_task_1771621933_monthly_20260221_161200.md
2026-02-21 16:12:01,125 - AdvancedOrchestrator - INFO - Created plan file: PLAN_20260221_161201.md
2026-02-21 16:12:01,954 - AdvancedOrchestrator - INFO - Checking for new action items...
2026-02-21 16:12:01,964 - AdvancedOrchestrator - INFO - Processing needs action file: SCHEDULED_task_1771621933_daily_20260221_161200.md
2026-02-21 16:12:01,980 - AdvancedOrchestrator - INFO - Created plan file: PLAN_20260221_161201.md
2026-02-21 16:12:01,994 - AdvancedOrchestrator - INFO - Processing needs action file: SCHEDULED_task_1771621933_daily_20260221_161201.md
2026-02-21 16:12:02,024 - AdvancedOrchestrator - INFO - Created plan file: PLAN_20260221_161202.md
2026-02-21 16:12:02,040 - AdvancedOrchestrator - INFO - Processing needs action file: SCHEDULED_task_1771621933_monthly_20260221_161201.md
2026-02-21 16:12:02,062 - AdvancedOrchestrator - INFO - Created plan file: PLAN_20260221_161202.md
2026-02-21 16:12:02,100 - AdvancedOrchestrator - INFO - Checking for new action items...
2026-02-21 16:12:30,340 - AdvancedOrchestrator - INFO - Starting Advanced Orchestrator...
2026-02-21 16:12:30,341 - AdvancedOrchestrator - INFO - Checking for new action items...
2026-02-21 16:12:30,379 - AdvancedOrchestrator - INFO - Processing needs action file: SCHEDULED_task_1771621933_daily_20260221_161212.md
2026-02-21 16:12:30,398 - AdvancedOrchestrator - INFO - Created plan file: PLAN_20260221_161230.md
2026-02-21 16:12:30,407 - AdvancedOrchestrator - INFO - Processing needs action file: SCHEDULED_task_1771621933_monthly_20260221_161212.md
2026-02-21 16:12:30,437 - AdvancedOrchestrator - INFO - Created plan file: PLAN_20260221_161230.md
2026-02-21 16:12:31,377 - AdvancedOrchestrator - INFO - Checking for new action items...
2026-02-21 16:12:32,180 - AdvancedOrchestrator - INFO - Checking for new action items...
2026-02-21 16:12:32,217 - AdvancedOrchestrator - INFO - Checking for new action items...
2026-02-21 16:13:00,511 - AdvancedOrchestrator - INFO - Starting Advanced Orchestrator...
2026-02-21 16:13:00,513 - AdvancedOrchestrator - INFO - Checking for new action items...
2026-02-21 16:13:00,514 - AdvancedOrchestrator - INFO - Checking for new action items...
2026-02-21 16:13:00,580 - AdvancedOrchestrator - INFO - Checking for new action items...
2026-02-21 16:13:00,592 - AdvancedOrchestrator - INFO - Checking for new action items...
2026-02-21 16:13:00,604 - AdvancedOrchestrator - INFO - Checking for new action items...
2026-02-21 16:13:01,528 - AdvancedOrchestrator - INFO - Checking for new action items...
2026-02-21 16:13:02,328 - AdvancedOrchestrator - INFO - Checking for new action items...
2026-02-21 16:13:02,362 - AdvancedOrchestrator - INFO - Checking for new action items...
2026-02-21 16:13:30,657 - AdvancedOrchestrator - INFO - Checking for new action items...
2026-02-21 16:13:30,688 - AdvancedOrchestrator - INFO - Checking for new action items...
2026-02-21 16:13:30,746 - AdvancedOrchestrator - INFO - Starting Advanced Orchestrator...
2026-02-21 16:13:30,748 - AdvancedOrchestrator - INFO - Checking for new action items...
2026-02-21 16:13:30,753 - AdvancedOrchestrator - INFO - Checking for new action items...
2026-02-21 16:13:30,777 - AdvancedOrchestrator - INFO - Checking for new action items...
2026-02-21 16:13:30,785 - AdvancedOrchestrator - INFO - Checking for new action items...
2026-02-21 16:13:31,948 - AdvancedOrchestrator - INFO - Checking for new action items...
2026-02-21 16:13:32,696 - AdvancedOrchestrator - INFO - Checking for new action items...
2026-02-21 16:13:32,718 - AdvancedOrchestrator - INFO - Checking for new action items...
2026-02-21 16:14:00,968 - AdvancedOrchestrator - INFO - Checking for new action items...
2026-02-21 16:14:01,003 - AdvancedOrchestrator - INFO - Checking for new action items...
2026-02-21 16:14:01,034 - AdvancedOrchestrator - INFO - Checking for new action items...
2026-02-21 16:14:01,044 - AdvancedOrchestrator - INFO - Checking for new action items...
2026-02-21 16:14:01,058 - AdvancedOrchestrator - INFO - Checking for new action items...
2026-02-21 16:14:01,076 - AdvancedOrchestrator - INFO - Checking for new action items...
2026-02-21 16:14:01,563 - AdvancedOrchestrator - INFO - Starting Advanced Orchestrator...
2026-02-21 16:14:01,566 - AdvancedOrchestrator - INFO - Checking for new action items...
2026-02-21 16:14:02,115 - AdvancedOrchestrator - INFO - Checking for new action items...
2026-02-21 16:14:02,832 - AdvancedOrchestrator - INFO - Checking for new action items...
2026-02-21 16:14:02,868 - AdvancedOrchestrator - INFO - Checking for new action items...
2026-02-21 16:14:31,678 - AdvancedOrchestrator - INFO - Checking for new action items...
2026-02-21 16:14:31,686 - AdvancedOrchestrator - INFO - Checking for new action items...
2026-02-21 16:14:31,758 - AdvancedOrchestrator - INFO - Checking for new action items...
2026-02-21 16:14:31,764 - AdvancedOrchestrator - INFO - Checking for new action items...
2026-02-21 16:14:31,782 - AdvancedOrchestrator - INFO - Starting Advanced Orchestrator...
2026-02-21 16:14:31,784 - AdvancedOrchestrator - INFO - Checking for new action items...
2026-02-21 16:14:31,836 - AdvancedOrchestrator - INFO - Checking for new action items...
2026-02-21 16:14:31,843 - AdvancedOrchestrator - INFO - Checking for new action items...
2026-02-21 16:14:32,080 - AdvancedOrchestrator - INFO - Checking for new action items...
2026-02-21 16:14:32,304 - AdvancedOrchestrator - INFO - Checking for new action items...
2026-02-21 16:14:33,069 - AdvancedOrchestrator - INFO - Checking for new action items...
2026-02-21 16:14:33,108 - AdvancedOrchestrator - INFO - Checking for new action items...
