2026-02-21 19:47:12,089 - SynchronizationManager - INFO - Synchronization Manager initialized
2026-02-21 19:47:12,092 - SynchronizationManager - INFO - Starting Synchronization Manager...
2026-02-21 19:47:12,093 - SynchronizationManager - INFO - Starting synchronization cycle...
2026-02-21 19:47:12,158 - SynchronizationManager - INFO - Moved BRONZE_TEST_test_bronze_verification_1771352404.md to Cloud Agent (default)
2026-02-21 19:47:12,176 - SynchronizationManager - INFO - Moved FILE_final_test_1771352883.md to Cloud Agent (default)
2026-02-21 19:47:12,189 - SynchronizationManager - INFO - Moved FILE_invoice_request_1771672390.md to Cloud Agent for processing
2026-02-21 19:47:12,201 - SynchronizationManager - INFO - Moved FILE_payment_approval_needed_1771672420.md to Cloud Agent for processing
2026-02-21 19:47:12,212 - SynchronizationManager - INFO - Moved FILE_subscription_alert_1771672400.md to Cloud Agent (default)
2026-02-21 19:47:12,224 - SynchronizationManager - INFO - Moved FILE_test_approval_needed_1771672188.md to Local Agent for processing
2026-02-21 19:47:12,240 - SynchronizationManager - INFO - Moved FILE_test_customer_request_1771672188.md to Cloud Agent (default)
2026-02-21 19:47:12,256 - SynchronizationManager - INFO - Moved FILE_test_task_1771354944.md to Cloud Agent (default)
2026-02-21 19:47:12,272 - SynchronizationManager - INFO - Moved FILE_test_task_1771672188.md to Cloud Agent (default)
2026-02-21 19:47:12,289 - SynchronizationManager - INFO - Moved FILE_test_task_reminder_1771672188.md to Cloud Agent (default)
2026-02-21 19:47:12,313 - SynchronizationManager - INFO - Moved FILE_urgent_customer_inquiry_1771672329.md to Cloud Agent (default)
2026-02-21 19:47:12,334 - SynchronizationManager - INFO - Moved TEST_FILE_test_file_1771351977.md to Cloud Agent (default)
2026-02-21 19:47:12,660 - SynchronizationManager - INFO - Synchronization cycle completed
2026-02-21 19:49:42,831 - SynchronizationManager - INFO - Starting synchronization cycle...
2026-02-21 19:49:43,493 - SynchronizationManager - INFO - Synchronization cycle completed
2026-02-21 19:52:13,644 - SynchronizationManager - INFO - Starting synchronization cycle...
2026-02-21 19:52:13,693 - SynchronizationManager - INFO - Synchronization cycle completed
2026-02-21 19:54:43,827 - SynchronizationManager - INFO - Starting synchronization cycle...
2026-02-21 19:54:43,876 - SynchronizationManager - INFO - Synchronization cycle completed
2026-02-21 19:57:13,990 - SynchronizationManager - INFO - Starting synchronization cycle...
2026-02-21 19:57:14,270 - SynchronizationManager - INFO - Synchronization cycle completed
2026-02-21 22:18:50,607 - SynchronizationManager - INFO - Starting synchronization cycle...
2026-02-21 22:18:50,850 - SynchronizationManager - INFO - Synchronization cycle completed
2026-02-21 22:21:21,294 - SynchronizationManager - INFO - Starting synchronization cycle...
2026-02-21 22:21:21,748 - SynchronizationManager - INFO - Synchronization cycle completed
2026-02-21 22:23:51,916 - SynchronizationManager - INFO - Starting synchronization cycle...
2026-02-21 22:23:52,017 - SynchronizationManager - INFO - Synchronization cycle completed
2026-02-21 22:26:22,177 - SynchronizationManager - INFO - Starting synchronization cycle...
2026-02-21 22:26:22,286 - SynchronizationManager - INFO - Synchronization cycle completed
2026-02-21 22:28:52,427 - SynchronizationManager - INFO - Starting synchronization cycle...
2026-02-21 22:28:52,498 - SynchronizationManager - INFO - Synchronization cycle completed
2026-02-21 22:31:22,656 - SynchronizationManager - INFO - Starting synchronization cycle...
2026-02-21 22:31:22,807 - SynchronizationManager - INFO - Synchronization cycle completed
2026-02-21 22:33:52,964 - SynchronizationManager - INFO - Starting synchronization cycle...
2026-02-21 22:33:53,067 - SynchronizationManager - INFO - Synchronization cycle completed
2026-02-21 22:36:23,270 - SynchronizationManager - INFO - Starting synchronization cycle...
2026-02-21 22:36:23,561 - SynchronizationManager - INFO - Synchronization cycle completed
2026-02-21 22:38:53,700 - SynchronizationManager - INFO - Starting synchronization cycle...
2026-02-21 22:38:53,789 - SynchronizationManager - INFO - Synchronization cycle completed
2026-02-21 22:41:23,948 - SynchronizationManager - INFO - Starting synchronization cycle...
2026-02-21 22:41:24,176 - SynchronizationManager - INFO - Synchronization cycle completed
2026-02-21 22:43:54,340 - SynchronizationManager - INFO - Starting synchronization cycle...
2026-02-21 22:43:54,713 - SynchronizationManager - INFO - Synchronization cycle completed
2026-02-21 22:46:25,007 - SynchronizationManager - INFO - Starting synchronization cycle...
2026-02-21 22:46:25,182 - SynchronizationManager - INFO - Synchronization cycle completed
2026-02-21 22:48:55,307 - SynchronizationManager - INFO - Starting synchronization cycle...
2026-02-21 22:48:55,378 - SynchronizationManager - INFO - Synchronization cycle completed
2026-02-21 22:51:25,501 - SynchronizationManager - INFO - Starting synchronization cycle...
2026-02-21 22:51:25,638 - SynchronizationManager - INFO - Synchronization cycle completed
2026-02-21 22:53:56,427 - SynchronizationManager - INFO - Starting synchronization cycle...
2026-02-21 22:53:56,636 - SynchronizationManager - INFO - Synchronization cycle completed
2026-02-21 22:56:26,800 - SynchronizationManager - INFO - Starting synchronization cycle...
2026-02-21 22:56:26,985 - SynchronizationManager - INFO - Synchronization cycle completed
2026-02-21 22:56:44,556 - SynchronizationManager - INFO - Shutting down Synchronization Manager...
